{
  "benchmarks": {
    "jpm_fy27_service_musd": 4061.0,
    "service_growth_vs_reported_FY26": 0.0230456075293739,
    "capiq_minus_jpm_fy27_musd": 78.97000000000025
  },
  "scenarios": [
    {
      "scenario": "flat_branches",
      "H1_legacy_service_musd": 1943.3524608558,
      "H1_legacy_total_musd": 2276.1604608558,
      "H1_capiq_conditional_gap_musd": -73.86953914419996,
      "H1_jpm_legacy_total_gap_musd": -49.83953914419999,
      "FY_legacy_service_musd": 3967.0107720668266,
      "FY_legacy_total_musd": 4663.699772066826,
      "FY_capiq_conditional_gap_musd": -197.2702279331736,
      "FY_jpm_legacy_total_gap_musd": -119.30022793317357,
      "FY_service_gap_vs_JPM_musd": -93.98922793317342,
      "FY_total_gap_vs_JPM_annual_musd": -118.30022793317403,
      "H1_delta_vs_price3p7_case_musd": -65.77106539470424,
      "status": "Conditional scenarios, not probabilities or adopted forecast"
    },
    {
      "scenario": "intl_continuation",
      "H1_legacy_service_musd": 1984.948550310578,
      "H1_legacy_total_musd": 2317.756550310578,
      "H1_capiq_conditional_gap_musd": -32.27344968942202,
      "H1_jpm_legacy_total_gap_musd": -8.24344968942205,
      "FY_legacy_service_musd": 4056.923265278187,
      "FY_legacy_total_musd": 4753.612265278187,
      "FY_capiq_conditional_gap_musd": -107.35773472181313,
      "FY_jpm_legacy_total_gap_musd": -29.387734721813104,
      "FY_service_gap_vs_JPM_musd": -4.076734721812954,
      "FY_total_gap_vs_JPM_annual_musd": -28.387734721813104,
      "H1_delta_vs_price3p7_case_musd": -24.1749759399263,
      "status": "Conditional scenarios, not probabilities or adopted forecast"
    },
    {
      "scenario": "price_3p7_intl_continuation",
      "H1_legacy_service_musd": 2009.1235262505043,
      "H1_legacy_total_musd": 2341.9315262505042,
      "H1_capiq_conditional_gap_musd": -8.098473749495724,
      "H1_jpm_legacy_total_gap_musd": 15.931526250504248,
      "FY_legacy_service_musd": 4105.804039246686,
      "FY_legacy_total_musd": 4802.493039246687,
      "FY_capiq_conditional_gap_musd": -58.476960753313506,
      "FY_jpm_legacy_total_gap_musd": 19.49303924668652,
      "FY_service_gap_vs_JPM_musd": 44.80403924668644,
      "FY_total_gap_vs_JPM_annual_musd": 20.49303924668675,
      "H1_delta_vs_price3p7_case_musd": 0.0,
      "status": "Conditional scenarios, not probabilities or adopted forecast"
    },
    {
      "scenario": "price_6_intl_continuation",
      "H1_legacy_service_musd": 2023.9564297692427,
      "H1_legacy_total_musd": 2356.7644297692423,
      "H1_capiq_conditional_gap_musd": 6.734429769242524,
      "H1_jpm_legacy_total_gap_musd": 30.764429769242497,
      "FY_legacy_service_musd": 4135.803086203741,
      "FY_legacy_total_musd": 4832.492086203742,
      "FY_capiq_conditional_gap_musd": -28.47791379625869,
      "FY_jpm_legacy_total_gap_musd": 49.49208620374134,
      "FY_service_gap_vs_JPM_musd": 74.80308620374126,
      "FY_total_gap_vs_JPM_annual_musd": 50.492086203741565,
      "H1_delta_vs_price3p7_case_musd": 14.832903518738476,
      "status": "Conditional scenarios, not probabilities or adopted forecast"
    },
    {
      "scenario": "repair_down_3",
      "H1_legacy_service_musd": 1944.1529124823116,
      "H1_legacy_total_musd": 2276.960912482312,
      "H1_capiq_conditional_gap_musd": -73.06908751768833,
      "H1_jpm_legacy_total_gap_musd": -49.03908751768836,
      "FY_legacy_service_musd": 3974.4676494524933,
      "FY_legacy_total_musd": 4671.156649452493,
      "FY_capiq_conditional_gap_musd": -189.81335054750707,
      "FY_jpm_legacy_total_gap_musd": -111.84335054750704,
      "FY_service_gap_vs_JPM_musd": -86.53235054750667,
      "FY_total_gap_vs_JPM_annual_musd": -110.84335054750682,
      "H1_delta_vs_price3p7_case_musd": -64.9706137681926,
      "status": "Conditional scenarios, not probabilities or adopted forecast"
    },
    {
      "scenario": "expected_salvage_up_3",
      "H1_legacy_service_musd": 2029.9967573982567,
      "H1_legacy_total_musd": 2362.8047573982567,
      "H1_capiq_conditional_gap_musd": 12.774757398256725,
      "H1_jpm_legacy_total_gap_musd": 36.8047573982567,
      "FY_legacy_service_musd": 4147.997442277858,
      "FY_legacy_total_musd": 4844.686442277858,
      "FY_capiq_conditional_gap_musd": -16.283557722142405,
      "FY_jpm_legacy_total_gap_musd": 61.68644227785762,
      "FY_service_gap_vs_JPM_musd": 86.99744227785777,
      "FY_total_gap_vs_JPM_annual_musd": 62.68644227785808,
      "H1_delta_vs_price3p7_case_musd": 20.87323114775245,
      "status": "Conditional scenarios, not probabilities or adopted forecast"
    },
    {
      "scenario": "repair_down_3_salvage_up_3",
      "H1_legacy_service_musd": 1964.2991596638822,
      "H1_legacy_total_musd": 2297.107159663882,
      "H1_capiq_conditional_gap_musd": -52.922840336117815,
      "H1_jpm_legacy_total_gap_musd": -28.892840336117843,
      "FY_legacy_service_musd": 4015.1923986515676,
      "FY_legacy_total_musd": 4711.881398651568,
      "FY_capiq_conditional_gap_musd": -149.08860134843235,
      "FY_jpm_legacy_total_gap_musd": -71.11860134843232,
      "FY_service_gap_vs_JPM_musd": -45.8076013484324,
      "FY_total_gap_vs_JPM_annual_musd": -70.1186013484321,
      "H1_delta_vs_price3p7_case_musd": -44.82436658662209,
      "status": "Conditional scenarios, not probabilities or adopted forecast"
    },
    {
      "scenario": "salvage_both_down_3",
      "H1_legacy_service_musd": 1968.7241235137224,
      "H1_legacy_total_musd": 2301.5321235137226,
      "H1_capiq_conditional_gap_musd": -48.49787648627762,
      "H1_jpm_legacy_total_gap_musd": -24.467876486277646,
      "FY_legacy_service_musd": 4024.1303455909792,
      "FY_legacy_total_musd": 4720.819345590979,
      "FY_capiq_conditional_gap_musd": -140.15065440902117,
      "FY_jpm_legacy_total_gap_musd": -62.180654409021145,
      "FY_service_gap_vs_JPM_musd": -36.86965440902077,
      "FY_total_gap_vs_JPM_annual_musd": -61.18065440902137,
      "H1_delta_vs_price3p7_case_musd": -40.399402736781894,
      "status": "Conditional scenarios, not probabilities or adopted forecast"
    },
    {
      "scenario": "claims_down_2",
      "H1_legacy_service_musd": 1978.5008795145898,
      "H1_legacy_total_musd": 2311.3088795145895,
      "H1_capiq_conditional_gap_musd": -38.72112048541021,
      "H1_jpm_legacy_total_gap_musd": -14.691120485410238,
      "FY_legacy_service_musd": 4043.887442325981,
      "FY_legacy_total_musd": 4740.576442325981,
      "FY_capiq_conditional_gap_musd": -120.39355767401958,
      "FY_jpm_legacy_total_gap_musd": -42.42355767401955,
      "FY_service_gap_vs_JPM_musd": -17.112557674019172,
      "FY_total_gap_vs_JPM_annual_musd": -41.42355767401932,
      "H1_delta_vs_price3p7_case_musd": -30.622646735914486,
      "status": "Conditional scenarios, not probabilities or adopted forecast"
    },
    {
      "scenario": "inherited_carrier",
      "H1_legacy_service_musd": 1907.698720340889,
      "H1_legacy_total_musd": 2240.506720340889,
      "H1_capiq_conditional_gap_musd": -109.52327965911127,
      "H1_jpm_legacy_total_gap_musd": -85.4932796591113,
      "FY_legacy_service_musd": 3971.4848846975174,
      "FY_legacy_total_musd": 4668.173884697517,
      "FY_capiq_conditional_gap_musd": -192.79611530248303,
      "FY_jpm_legacy_total_gap_musd": -114.826115302483,
      "FY_service_gap_vs_JPM_musd": -89.51511530248263,
      "FY_total_gap_vs_JPM_annual_musd": -113.82611530248323,
      "H1_delta_vs_price3p7_case_musd": -101.42480590961532,
      "status": "Conditional scenarios, not probabilities or adopted forecast"
    },
    {
      "scenario": "service_adoption_up_10_relative",
      "H1_legacy_service_musd": 2018.2504839907688,
      "H1_legacy_total_musd": 2351.0584839907688,
      "H1_capiq_conditional_gap_musd": 1.028483990768791,
      "H1_jpm_legacy_total_gap_musd": 25.058483990768764,
      "FY_legacy_service_musd": 4124.2608634451135,
      "FY_legacy_total_musd": 4820.949863445114,
      "FY_capiq_conditional_gap_musd": -40.02013655488622,
      "FY_jpm_legacy_total_gap_musd": 37.949863445113806,
      "FY_service_gap_vs_JPM_musd": 63.2608634451135,
      "FY_total_gap_vs_JPM_annual_musd": 38.949863445113806,
      "H1_delta_vs_price3p7_case_musd": 9.126957740264515,
      "status": "Conditional scenarios, not probabilities or adopted forecast"
    },
    {
      "scenario": "insurance_split_80",
      "H1_legacy_service_musd": 2006.4978110509792,
      "H1_legacy_total_musd": 2339.305811050979,
      "H1_capiq_conditional_gap_musd": -10.7241889490208,
      "H1_jpm_legacy_total_gap_musd": 13.305811050979173,
      "FY_legacy_service_musd": 4100.651645242762,
      "FY_legacy_total_musd": 4797.340645242762,
      "FY_capiq_conditional_gap_musd": -63.62935475723839,
      "FY_jpm_legacy_total_gap_musd": 14.340645242761639,
      "FY_service_gap_vs_JPM_musd": 39.65164524276224,
      "FY_total_gap_vs_JPM_annual_musd": 15.340645242761639,
      "H1_delta_vs_price3p7_case_musd": -2.625715199525075,
      "status": "Conditional scenarios, not probabilities or adopted forecast"
    },
    {
      "scenario": "other_us_activity_down_5",
      "H1_legacy_service_musd": 2000.7485212505044,
      "H1_legacy_total_musd": 2333.5565212505044,
      "H1_capiq_conditional_gap_musd": -16.473478749495825,
      "H1_jpm_legacy_total_gap_musd": 7.556521250504147,
      "FY_legacy_service_musd": 4088.8626042466867,
      "FY_legacy_total_musd": 4785.551604246686,
      "FY_capiq_conditional_gap_musd": -75.41839575331369,
      "FY_jpm_legacy_total_gap_musd": 2.5516042466863382,
      "FY_service_gap_vs_JPM_musd": 27.862604246686715,
      "FY_total_gap_vs_JPM_annual_musd": 3.551604246686111,
      "H1_delta_vs_price3p7_case_musd": -8.375004999999874,
      "status": "Conditional scenarios, not probabilities or adopted forecast"
    },
    {
      "scenario": "other_us_activity_up_5",
      "H1_legacy_service_musd": 2017.4985312505044,
      "H1_legacy_total_musd": 2350.306531250504,
      "H1_capiq_conditional_gap_musd": 0.27653125050437666,
      "H1_jpm_legacy_total_gap_musd": 24.30653125050435,
      "FY_legacy_service_musd": 4122.745474246687,
      "FY_legacy_total_musd": 4819.4344742466865,
      "FY_capiq_conditional_gap_musd": -41.53552575331332,
      "FY_jpm_legacy_total_gap_musd": 36.434474246686705,
      "FY_service_gap_vs_JPM_musd": 61.74547424668708,
      "FY_total_gap_vs_JPM_annual_musd": 37.43447424668648,
      "H1_delta_vs_price3p7_case_musd": 8.375005000000101,
      "status": "Conditional scenarios, not probabilities or adopted forecast"
    },
    {
      "scenario": "purchased_JPM_annual_growth_proxy",
      "H1_legacy_service_musd": 2009.1235262505043,
      "H1_legacy_total_musd": 2353.544879250193,
      "H1_capiq_conditional_gap_musd": 3.514879250192962,
      "H1_jpm_legacy_total_gap_musd": 27.544879250192935,
      "FY_legacy_service_musd": 4105.804039246686,
      "FY_legacy_total_musd": 4826.804039246686,
      "FY_capiq_conditional_gap_musd": -34.16596075331313,
      "FY_jpm_legacy_total_gap_musd": 43.8040392466869,
      "FY_service_gap_vs_JPM_musd": 44.80403924668644,
      "FY_total_gap_vs_JPM_annual_musd": 44.80403924668644,
      "H1_delta_vs_price3p7_case_musd": 0.0,
      "status": "Conditional scenarios, not probabilities or adopted forecast"
    }
  ],
  "interaction": {
    "reference_H1_musd": 2009.1235262505043,
    "repair_delta_musd": -64.9706137681926,
    "salvage_delta_musd": 20.87323114775245,
    "combined_delta_musd": -44.82436658662209,
    "interaction_musd": -0.7269839661819333,
    "status": "Unvalidated response elasticities; shocks illustrative, not estimated"
  }
}
